Unity Editor version:    6000.6.1f1 (7efac9f6c10e)
Branch:                  6000.6/staging
Build type:              Release
Batch mode:              YES
macOS version:           Version 26.6 (Build 25G72)
Darwin version:          25.6.0
Architecture:            arm64
Running under Rosetta:   NO
Available memory:        16384 MB
Date:                    2026-09-23T14:53:29Z
[Licensing::Module] Trying to connect to existing licensing client channel...
[Licensing::IpcConnector] Successfully connected to: "LicenseClient-base" at "2026-09-23T14:53:29.792885Z"
Initialising UDS system complete:
  - System type: Client
  - Resource namespace: caaa1bbe55e92b882e0c1685d7ed7cb9
  - Shared memory size: 1073741824
  - Command buffer id: 1052672
  - Command buffer size: 8192
  - Hashmap size: 4194304
  - Service connected: true
  - Service working directory: Library/DataStore/

COMMAND LINE ARGUMENTS:
/Applications/Unity/Hub/Editor/6000.6.1f1/Unity.app/Contents/MacOS/Unity
-adb2
-batchMode
-noUpm
-name
AssetImportWorkerHW0
-projectPath
/Users/base/monopoly-c-
-logFile
Logs/AssetImportWorkerHW0.log
-srvPort
49616
-parentPid
1633
-analyticsCloudUserId
anonymous
-analyticsLocalProjectId
9c51c83fc7a784773b03149a1b5ac437
-editorAnalyticsEnabled
1
-cbmEditorLicense
b1c486a2929c55c8ec77f66b3567129c4ab27a10
-cbmMachineId
sBJ4X7kN7pQP36tegMFRT7ImO9M=
-licensingIpc
LicenseClient-base
-noDiagnosticSwitchPersistentStore
-job-worker-count
4
-background-job-worker-count
8
-asset-garbage-collectors
1
-force-metal
-name AssetImport
Successfully changed project path to: /Users/base/monopoly-c-
/Users/base/monopoly-c-
[UnityMemory] Configuration Parameters - Can be set up in boot.config
    "memorysetup-temp-allocator-size-gi-baking-worker=262144"
    "memorysetup-temp-allocator-size-gi-baking-worker=262144"
    "memorysetup-temp-allocator-size-gi-baking-worker=262144"
    "memorysetup-temp-allocator-size-gi-baking-worker=262144"
    "memorysetup-temp-allocator-size-gi-baking-worker=262144"
    "memorysetup-temp-allocator-size-nav-mesh-worker=65536"
    "memorysetup-temp-allocator-size-audio-worker=65536"
    "memorysetup-temp-allocator-size-cloud-worker=32768"
    "memorysetup-temp-allocator-size-preload-manager=33554432"
    "memorysetup-remapper-allocator-initial-capacity=32768"
    "memorysetup-temp-allocator-size-gfx=262144"
    "memorysetup-allocator-temp-initial-block-size-main=262144"
    "memorysetup-allocator-temp-initial-block-size-worker=262144"
    "memorysetup-temp-allocator-size-background-worker=32768"
    "memorysetup-temp-allocator-size-job-worker=262144"
    "memorysetup-bucket-allocator-granularity=16"
    "memorysetup-bucket-allocator-bucket-count=8"
    "memorysetup-bucket-allocator-block-size=33554432"
    "memorysetup-bucket-allocator-block-count=8"
    "memorysetup-main-allocator-block-size=16777216"
    "memorysetup-thread-allocator-block-size=16777216"
    "memorysetup-main-allocator-mimalloc-enabled=1"
    "memorysetup-gfx-main-allocator-block-size=16777216"
    "memorysetup-gfx-thread-allocator-block-size=16777216"
    "memorysetup-cache-allocator-block-size=4194304"
    "memorysetup-typetree-allocator-block-size=2097152"
    "memorysetup-profiler-bucket-allocator-granularity=16"
    "memorysetup-profiler-bucket-allocator-bucket-count=8"
    "memorysetup-profiler-bucket-allocator-block-size=33554432"
    "memorysetup-profiler-bucket-allocator-block-count=8"
    "memorysetup-profiler-allocator-block-size=16777216"
    "memorysetup-profiler-editor-allocator-block-size=1048576"
    "memorysetup-temp-allocator-size-main=16777216"
    "memorysetup-job-temp-allocator-block-size=2097152"
    "memorysetup-job-temp-allocator-block-size-background=1048576"
    "memorysetup-job-temp-allocator-reduction-small-platforms=262144"
Player connection [8519754112]  Target information:

Player connection [8519754112]  * "[IP] 192.168.31.230 [Port] 0 [Flags] 2 [Guid] 159738704 [EditorId] 159738704 [Version] 1048832 [Id] OSXEditor(0,MacBook-Air-Artur.local) [Debug] 1 [PackageName] OSXEditor [ProjectName] Editor" 

Player connection [8519754112]  * "[IP] 172.19.0.1 [Port] 0 [Flags] 2 [Guid] 159738704 [EditorId] 159738704 [Version] 1048832 [Id] OSXEditor(0,MacBook-Air-Artur.local) [Debug] 1 [PackageName] OSXEditor [ProjectName] Editor" 

Player connection [8519754112] Host joined multi-casting on [225.0.0.222:54997]...
Player connection [8519754112] Host joined alternative multi-casting on [225.0.0.222:34997]...
JobSystem: Creating JobQueue using job-worker-count value 4
Input System module state changed to: Initialized.
[Physics::Module] Initialized fallback backend.
[Physics::Module] Id: 0xdecafbad
Library Redirect Path: Library/
[Physics::Module] Selected backend.
[Physics::Module] Name: PhysX
[Physics::Module] Id: 0xf2b8ea05
[Physics::Module] SDK Version: 4.1.2
[Physics::Module] Integration Version: 1.0.0
[Physics::Module] Threading Mode: Multi-Threaded
Initialize engine version: 6000.6.1f1 (7efac9f6c10e)
[EntityIdStore] init: VM path (explicit commit), pageSize=16384, blockCount=262144, entitiesPerBlock=1024, slots reserved=4294967296 bytes
[Subsystems] Discovering subsystems at path /Applications/Unity/Hub/Editor/6000.6.1f1/Unity.app/Contents/Resources/UnitySubsystems
[Subsystems] Discovering subsystems at path /Users/base/monopoly-c-/Assets
Forcing GfxDevice: Metal
GfxDevice: creating device client; kGfxThreadingModeNonThreaded
 preferred device: Apple M5 (high power)
Metal devices available: 1
0: Apple M5 (high power)
Using device Apple M5 (high power)
Initializing Metal device caps: Apple M5
Mac GPU Family: 2
Apple GPU Family: 9
MSL Version: 3.0
Has Float MSAA: 1
Has Float Filtering: 1
ReadWrite Texture Tier: 2
[Licensing::Client] Handshaking with LicensingClient:
  Version:                 1.18.3+d7ffd15
  Session Id:              c5570e6fae1e433895063beb52f7ee90
  Correlation Id:          329074f146caaf91cb7b1a274ecd0314
  External correlation Id: 6902943480770851089
  Machine Id:              sBJ4X7kN7pQP36tegMFRT7ImO9M=
[Licensing::Module] Successfully connected to LicensingClient on channel: "LicenseClient-base" (connect: 0.00s, validation: 0.00s, handshake: 0.22s)
[Licensing::IpcConnector] Successfully connected to: "LicenseClient-base-notifications" at "2026-09-23T14:53:30.010689Z"
[Licensing::Module] Licensing Background thread has ended after 0.22s
Initialize mono
Mono path[0] = '/Applications/Unity/Hub/Editor/6000.6.1f1/Unity.app/Contents/Resources/Scripting/Managed'
Mono path[1] = '/Applications/Unity/Hub/Editor/6000.6.1f1/Unity.app/Contents/Resources/Scripting/BCLExtensions/runtime/netstandard2.1'
Mono path[2] = '/Applications/Unity/Hub/Editor/6000.6.1f1/Unity.app/Contents/Resources/Scripting/MonoBleedingEdge/lib/mono/unityjit-macos'
Mono config path = '/Applications/Unity/Hub/Editor/6000.6.1f1/Unity.app/Contents/Resources/Scripting/MonoBleedingEdge/etc'
Using monoOptions --debugger-agent=transport=dt_socket,embedding=1,server=y,suspend=n,address=127.0.0.1:56648
CodeReloadManager initialized
Begin MonoManager ReloadAssembly
Registering precompiled unity dll's ...
Register platform support module: /Applications/Unity/Hub/Editor/6000.6.1f1/PlaybackEngines/WebGLSupport/UnityEditor.WebGL.Extensions.dll
Register platform support module: /Applications/Unity/Hub/Editor/6000.6.1f1/PlaybackEngines/MacStandaloneSupport/UnityEditor.OSXStandalone.Extensions.dll
Registered in 0.000348 seconds.
Native extension for OSXStandalone target not found
Native extension for WebGL target not found
Package Manager log level set to [2]
[Package Manager] Failed to launch server process. Reason: Unity was launched with the -noUpm command-line argument
[Package Manager] Unable to send message (not connected to server process).
[Package Manager] Cannot connect to Unity Package Manager local server
ScheduleIndexationOnStartup MainProcess:False IndexOnStartup:True
Scripting: successfully reloaded assembly
- Finished resetting the current domain, in  0.198 seconds
Domain Reload Profiling: 412ms
	BeginReloadAssembly (38ms)
	RebuildNativeTypeToScriptingClass (8ms)
	initialDomainReloadingComplete (24ms)
	LoadAllAssembliesAndSetupDomain (142ms)
		LoadAssemblies (37ms)
		TypeCache.Refresh (102ms)
			TypeCache.ScanAssembly (94ms)
		AnalyzeDomain (0ms)
	FinalizeReload (198ms)
		SetupLoadedEditorAssemblies (0ms)
			BeforeProcessingInitializeOnLoad (42ms)
			ProcessInitializeOnLoadAttributes (37ms)
			ProcessInitializeOnLoadMethodAttributes (82ms)
Initializing Unity extensions:
[Licensing::Client] Successfully resolved entitlement details
[Licensing::Module] License group:
  Id: 10171651314976-UnityPersXXXX
  Product: Unity Personal
  Type: Assigned
  Expiration: Unlimited
[CoreBusinessMetrics] Unexpected thread when updating session info.
[CoreBusinessMetrics] Unexpected thread when updating session info.
========================================================================
Worker process is ready to serve import requests
Import Worker Mode flag is 0x00
Begin MonoManager ReloadAssembly
Native extension for OSXStandalone target not found
Native extension for WebGL target not found
[Package Manager] Failed to launch server process. Reason: Unity was launched with the -noUpm command-line argument
[Package Manager] Unable to send message (not connected to server process).
[Package Manager] Cannot connect to Unity Package Manager local server
[Package Manager] Failed to launch server process. Reason: Unity was launched with the -noUpm command-line argument
[Package Manager] Unable to send message (not connected to server process).
[Package Manager] Cannot connect to Unity Package Manager local server
ScheduleIndexationOnStartup MainProcess:False IndexOnStartup:True
Scripting: successfully reloaded assembly
- Finished resetting the current domain, in  0.228 seconds
Domain Reload Profiling: 467ms
	BeginReloadAssembly (72ms)
		DisableScriptedObjects (3ms)
		CreateAndSetChildDomain (11ms)
	RebuildCommonClasses (4ms)
	RebuildNativeTypeToScriptingClass (8ms)
	initialDomainReloadingComplete (16ms)
	LoadAllAssembliesAndSetupDomain (138ms)
		LoadAssemblies (76ms)
		TypeCache.Refresh (39ms)
			TypeCache.ScanAssembly (31ms)
		AnalyzeDomain (8ms)
			BuildScriptInfoCaches (6ms)
	FinalizeReload (228ms)
		SetupLoadedEditorAssemblies (0ms)
			BeforeProcessingInitializeOnLoad (48ms)
			ProcessInitializeOnLoadAttributes (88ms)
			ProcessInitializeOnLoadMethodAttributes (14ms)
		AwakeInstancesAfterBackupRestoration (3ms)
AcceleratorClientConnectionCallback - disconnected - :0
Launching external process: /Applications/Unity/Hub/Editor/6000.6.1f1/Unity.app/Contents/Helpers/UnityShaderCompiler
Launched and connected shader compiler UnityShaderCompiler after 0.01 seconds
Unloading 0 Unused Serialized files (Serialized files now loaded: 0)
Unloading 2200 unused Assets / (0.9 MB). Loaded Objects now: 2898.
Memory consumption went from 113.6 MB to 112.7 MB.
Total: 2.883167 ms (FindLiveObjects: 0.141250 ms CreateObjectMapping: 0.030416 ms MarkObjects: 2.498875 ms  DeleteObjects: 0.165583 ms)

========================================================================
Received Import Request.
  Time of request: 2026-09-23T14:53:31.388905Z
  Time since last request: 1252.17924349999998 seconds.
  importAddress: GUID: 02f29ae936374eaa908f8a826a56b167 - Path: Assets/Scripts/Board/DiceView.cs - Importer: ScriptedImporter/UnityEditor.QuickSearchModule:UnityEditor.Search:ASIAI0B
Importing 'GUID: 02f29ae936374eaa908f8a826a56b167 - Path: Assets/Scripts/Board/DiceView.cs - Importer: ScriptedImporter/UnityEditor.QuickSearchModule:UnityEditor.Search:ASIAI0B' with importer (ScriptedImporter : UnityEditor.QuickSearchModule:UnityEditor.Search:ASIAI0B)
Imported 'GUID: 02f29ae936374eaa908f8a826a56b167' -> (Import Result ID: '171593c165a2ad830113f99adb368e60') in 0.029 seconds [static and dynamic dependencies]. Details - ImportResultOutputID=5a52d5b1d930798dc9dafc5daca22936 DependenciesID=e934cf07269f0c269b9f6d0aef2243e6 StaticDependenciesID=3fea74d51c2d1783a3da1a6a817b877c 
Number of updated asset objects reloaded before import = 0
Number of asset objects unloaded after import = 0
Thread 0x17df9b000 may have been prematurely finalized
========================================================================
Received Prepare
AcceleratorClientConnectionCallback - disconnected - :0
Begin MonoManager ReloadAssembly
ADTM: Control thread waiting for realtime thread timed out, have to lock...
Native extension for OSXStandalone target not found
Native extension for WebGL target not found
[Package Manager] Failed to launch server process. Reason: Unity was launched with the -noUpm command-line argument
[Package Manager] Unable to send message (not connected to server process).
[Package Manager] Cannot connect to Unity Package Manager local server
[Package Manager] Failed to launch server process. Reason: Unity was launched with the -noUpm command-line argument
[Package Manager] Unable to send message (not connected to server process).
[Package Manager] Cannot connect to Unity Package Manager local server
ScheduleIndexationOnStartup MainProcess:False IndexOnStartup:True
Scripting: successfully reloaded assembly
- Finished resetting the current domain, in  0.252 seconds
Domain Reload Profiling: 1474ms
	BeginReloadAssembly (1084ms)
		DisableScriptedObjects (3ms)
		CreateAndSetChildDomain (1018ms)
	RebuildCommonClasses (4ms)
	RebuildNativeTypeToScriptingClass (9ms)
	initialDomainReloadingComplete (19ms)
	LoadAllAssembliesAndSetupDomain (105ms)
		LoadAssemblies (85ms)
		TypeCache.Refresh (3ms)
		AnalyzeDomain (2ms)
	FinalizeReload (252ms)
		SetupLoadedEditorAssemblies (0ms)
			BeforeProcessingInitializeOnLoad (52ms)
			ProcessInitializeOnLoadAttributes (96ms)
			ProcessInitializeOnLoadMethodAttributes (17ms)
		AwakeInstancesAfterBackupRestoration (3ms)
Unloading 0 Unused Serialized files (Serialized files now loaded: 0)
Unloading 2198 unused Assets / (311.6 KB). Loaded Objects now: 2901.
Memory consumption went from 123.7 MB to 123.4 MB.
Total: 3.247625 ms (FindLiveObjects: 0.153250 ms CreateObjectMapping: 0.032459 ms MarkObjects: 2.860833 ms  DeleteObjects: 0.153291 ms)

Prepare: number of updated asset objects reloaded= 0
========================================================================
Received Import Request.
  Time of request: 2026-09-23T15:26:36.806584Z
  Time since last request: 1985.35651383300001 seconds.
  importAddress: GUID: 9229ae5dbc38f488d921156ff75869e9 - Path: Packages/com.unity.collab-proxy/Editor/Assets/Fonts/Cascadia.ttf - Importer: PreviewImporter
Importing 'GUID: 9229ae5dbc38f488d921156ff75869e9 - Path: Packages/com.unity.collab-proxy/Editor/Assets/Fonts/Cascadia.ttf - Importer: PreviewImporter' with importer (PreviewImporter)
Imported 'GUID: 9229ae5dbc38f488d921156ff75869e9' -> (Import Result ID: '532fc130e122038baf4c9bdbdfbc06fa') in 0.206 seconds [static and dynamic dependencies]. Details - ImportResultOutputID=df0f449af45b0edfe4c72775e7a0b588 DependenciesID=be1130a3ee4e8f381f0b93c91b061f98 StaticDependenciesID=7613f2c394dff708cc3960afb1d6fe22 
Number of updated asset objects reloaded before import = 0
Number of asset objects unloaded after import = 4
========================================================================
Received Import Request.
  Time of request: 2026-09-23T15:28:29.643798Z
  Time since last request: 112.62574279099999 seconds.
  importAddress: GUID: 959be8e4665941969ce8004065d6842f - Path: Assets/Scripts/Board - Importer: PreviewImporter
Importing 'GUID: 959be8e4665941969ce8004065d6842f - Path: Assets/Scripts/Board - Importer: PreviewImporter' with importer (PreviewImporter)
Imported 'GUID: 959be8e4665941969ce8004065d6842f' -> (Import Result ID: '40cfcc808403685803168b638c233dd6') in 0.000 seconds [static and dynamic dependencies]. Details - ImportResultOutputID=9e1ee06248df370f9ee68fb2ef8a3939 DependenciesID=8c451d1530e193f57badf59b4956ac96 StaticDependenciesID=dd3f084ec130f123481a22bb09f0bf1c 
Number of updated asset objects reloaded before import = 0
Number of asset objects unloaded after import = 0
========================================================================
Received Import Request.
  Time of request: 2026-09-23T15:31:20.418676Z
  Time since last request: 170.77270404199999 seconds.
  importAddress: GUID: 35b458e620c2e4526a637abb0c9e4a4a - Path: Assets/Scenes - Importer: PreviewImporter
Importing 'GUID: 35b458e620c2e4526a637abb0c9e4a4a - Path: Assets/Scenes - Importer: PreviewImporter' with importer (PreviewImporter)
Imported 'GUID: 35b458e620c2e4526a637abb0c9e4a4a' -> (Import Result ID: '167ce31a474c55a7a150005863c5c1d0') in 0.000 seconds [static and dynamic dependencies]. Details - ImportResultOutputID=e382c76a9dc92522eeb72e9f7ed2f12f DependenciesID=9e026298318966198fd24b7030bf7a69 StaticDependenciesID=846c4010c033703e872b86291640e1a1 
Number of updated asset objects reloaded before import = 0
Number of asset objects unloaded after import = 0
========================================================================
Received Import Request.
  Time of request: 2026-09-23T15:31:29.571737Z
  Time since last request: 9.152584542 seconds.
  importAddress: GUID: 8143d3a8390f2c64685e3bc272bd9e90 - Path: Packages/com.unity.ext.nunit/package.json - Importer: PreviewImporter
Importing 'GUID: 8143d3a8390f2c64685e3bc272bd9e90 - Path: Packages/com.unity.ext.nunit/package.json - Importer: PreviewImporter' with importer (PreviewImporter)
Imported 'GUID: 8143d3a8390f2c64685e3bc272bd9e90' -> (Import Result ID: '3163bff149a2a0fae57e308e79fd232e') in 0.000 seconds [static and dynamic dependencies]. Details - ImportResultOutputID=6b49e7eb3743e79e3cf9aeb5f8e94c9b DependenciesID=fcde407c5846fdd736e9ba4b14bfc0ae StaticDependenciesID=b3524cdcc86ad9c0725d5b12593d2f76 
Number of updated asset objects reloaded before import = 0
Number of asset objects unloaded after import = 1
Editor requested this worker to shutdown with reason: Editor is closing down
AcceleratorClientConnectionCallback - disconnected - :0
Thread 0x177207000 may have been prematurely finalized
AssetImportWorker is now disconnected from the server
Process exiting
[ExitDontLaunchBugReporter] Exiting without the bug reporter. Application will exit with return code 0
