Unity Editor version:    6000.6.1f1 (7efac9f6c10e)
Branch:                  6000.6/staging
Build type:              Release
Batch mode:              YES
macOS version:           Version 26.6.2 (Build 25G83)
Darwin version:          25.6.0
Architecture:            x86_64
Running under Rosetta:   YES
Available memory:        8192 MB
Date:                    2026-09-22T18:30:21Z
[WARNING] The Intel macOS Editor is deprecated; it will no longer be available after Unity 6.7 LTS.

[Licensing::Module] Trying to connect to existing licensing client channel...
[Licensing::IpcConnector] Successfully connected to: "LicenseClient-6l1zJUozzMqCOEWN8O3cS" at "2026-09-22T18:30:21.045806Z"
[Licensing::Client] Handshaking with LicensingClient:
  Version:                 1.18.3+d7ffd15
  Session Id:              181740106286490f96ca03e63b5a11a5
  Correlation Id:          095f9f9d0e3178d7fb6efad855ce3334
  External correlation Id: 6677353911718644266
  Machine Id:              7en4iADQU8q/2ggMWRWBbGWM7yI=
[Licensing::Module] Successfully connected to LicensingClient on channel: "LicenseClient-6l1zJUozzMqCOEWN8O3cS" (connect: 0.00s, validation: 0.01s, handshake: 1.14s)
[Licensing::IpcConnector] Successfully connected to: "LicenseClient-6l1zJUozzMqCOEWN8O3cS-notifications" at "2026-09-22T18:30:22.198057Z"
[Licensing::Module] Licensing Background thread has ended after 1.15s

COMMAND LINE ARGUMENTS:
/Applications/Unity/Hub/Editor/6000.6.1f1/Unity.app/Contents/MacOS/Unity
-adb2
-batchMode
-noUpm
-name
AssetImportWorkerHW1
-projectPath
/Users/stonny/Desktop/monopoly
-logFile
Logs/AssetImportWorkerHW1.log
-srvPort
55351
-parentPid
69292
-analyticsCloudUserId
9072453620462
-analyticsLocalProjectId
9c51c83fc7a784773b03149a1b5ac437
-editorAnalyticsEnabled
1
-cbmEditorLicense
0a0995688c8d0b9dda206c29966f9cfd1207e82e
-cbmMachineId
7en4iADQU8q/2ggMWRWBbGWM7yI=
-licensingIpc
LicenseClient-6l1zJUozzMqCOEWN8O3cS
-noDiagnosticSwitchPersistentStore
-job-worker-count
3
-background-job-worker-count
8
-asset-garbage-collectors
1
-force-metal
-name AssetImport
Successfully changed project path to: /Users/stonny/Desktop/monopoly
/Users/stonny/Desktop/monopoly
[UnityMemory] Configuration Parameters - Can be set up in boot.config
    "memorysetup-temp-allocator-size-gi-baking-worker=262144"
    "memorysetup-temp-allocator-size-gi-baking-worker=262144"
    "memorysetup-temp-allocator-size-gi-baking-worker=262144"
    "memorysetup-temp-allocator-size-gi-baking-worker=262144"
    "memorysetup-temp-allocator-size-gi-baking-worker=262144"
    "memorysetup-temp-allocator-size-nav-mesh-worker=65536"
    "memorysetup-temp-allocator-size-audio-worker=65536"
    "memorysetup-temp-allocator-size-cloud-worker=32768"
    "memorysetup-temp-allocator-size-preload-manager=33554432"
    "memorysetup-remapper-allocator-initial-capacity=32768"
    "memorysetup-temp-allocator-size-gfx=262144"
    "memorysetup-allocator-temp-initial-block-size-main=262144"
    "memorysetup-allocator-temp-initial-block-size-worker=262144"
    "memorysetup-temp-allocator-size-background-worker=32768"
    "memorysetup-temp-allocator-size-job-worker=262144"
    "memorysetup-bucket-allocator-granularity=16"
    "memorysetup-bucket-allocator-bucket-count=8"
    "memorysetup-bucket-allocator-block-size=33554432"
    "memorysetup-bucket-allocator-block-count=8"
    "memorysetup-main-allocator-block-size=16777216"
    "memorysetup-thread-allocator-block-size=16777216"
    "memorysetup-main-allocator-mimalloc-enabled=1"
    "memorysetup-gfx-main-allocator-block-size=16777216"
    "memorysetup-gfx-thread-allocator-block-size=16777216"
    "memorysetup-cache-allocator-block-size=4194304"
    "memorysetup-typetree-allocator-block-size=2097152"
    "memorysetup-profiler-bucket-allocator-granularity=16"
    "memorysetup-profiler-bucket-allocator-bucket-count=8"
    "memorysetup-profiler-bucket-allocator-block-size=33554432"
    "memorysetup-profiler-bucket-allocator-block-count=8"
    "memorysetup-profiler-allocator-block-size=16777216"
    "memorysetup-profiler-editor-allocator-block-size=1048576"
    "memorysetup-temp-allocator-size-main=16777216"
    "memorysetup-job-temp-allocator-block-size=2097152"
    "memorysetup-job-temp-allocator-block-size-background=1048576"
    "memorysetup-job-temp-allocator-reduction-small-platforms=262144"
Player connection [8743267904]  Target information:

Player connection [8743267904]  * "[IP] 192.168.0.3 [Port] 0 [Flags] 2 [Guid] 349898926 [EditorId] 349898926 [Version] 1048832 [Id] OSXEditor(0,MacBook-Air-STONNY.local) [Debug] 1 [PackageName] OSXEditor [ProjectName] Editor" 

Player connection [8743267904]  * "[IP] 198.18.0.1 [Port] 0 [Flags] 2 [Guid] 349898926 [EditorId] 349898926 [Version] 1048832 [Id] OSXEditor(0,MacBook-Air-STONNY.local) [Debug] 1 [PackageName] OSXEditor [ProjectName] Editor" 

Player connection [8743267904] Host joined multi-casting on [225.0.0.222:54997]...
Player connection [8743267904] Host joined alternative multi-casting on [225.0.0.222:34997]...
JobSystem: Creating JobQueue using job-worker-count value 3
Input System module state changed to: Initialized.
[Physics::Module] Initialized fallback backend.
[Physics::Module] Id: 0xdecafbad
Initialising UDS system complete:
  - System type: Client
  - Resource namespace: 21490c80c2ecc80c42b4c761c33692a9
  - Shared memory size: 1073741824
  - Command buffer id: 1052672
  - Command buffer size: 8192
  - Hashmap size: 4194304
  - Service connected: true
  - Service working directory: Library/DataStore/
Library Redirect Path: Library/
[Physics::Module] Selected backend.
[Physics::Module] Name: PhysX
[Physics::Module] Id: 0xf2b8ea05
[Physics::Module] SDK Version: 4.1.2
[Physics::Module] Integration Version: 1.0.0
[Physics::Module] Threading Mode: Multi-Threaded
Refreshing native plugins compatible for Editor in 5.90 ms, found 2 plugins.
Initialize engine version: 6000.6.1f1 (7efac9f6c10e)
[EntityIdStore] init: VM path (explicit commit), pageSize=4096, blockCount=1048576, entitiesPerBlock=256, slots reserved=4294967296 bytes
[Subsystems] Discovering subsystems at path /Applications/Unity/Hub/Editor/6000.6.1f1/Unity.app/Contents/Resources/UnitySubsystems
[Subsystems] Discovering subsystems at path /Users/stonny/Desktop/monopoly/Assets
Forcing GfxDevice: Metal
GfxDevice: creating device client; kGfxThreadingModeNonThreaded
 preferred device: Apple M1 (high power)
Metal devices available: 1
0: Apple M1 (high power)
Using device Apple M1 (high power)
Initializing Metal device caps: Apple M1
Mac GPU Family: 2
Apple GPU Family: 7
MSL Version: 3.0
Has Float MSAA: 1
Has Float Filtering: 1
ReadWrite Texture Tier: 2
Initialize mono
Mono path[0] = '/Applications/Unity/Hub/Editor/6000.6.1f1/Unity.app/Contents/Resources/Scripting/Managed'
Mono path[1] = '/Applications/Unity/Hub/Editor/6000.6.1f1/Unity.app/Contents/Resources/Scripting/BCLExtensions/runtime/netstandard2.1'
Mono path[2] = '/Applications/Unity/Hub/Editor/6000.6.1f1/Unity.app/Contents/Resources/Scripting/MonoBleedingEdge/lib/mono/unityjit-macos'
Mono config path = '/Applications/Unity/Hub/Editor/6000.6.1f1/Unity.app/Contents/Resources/Scripting/MonoBleedingEdge/etc'
Using monoOptions --debugger-agent=transport=dt_socket,embedding=1,server=y,suspend=n,address=127.0.0.1:56946
CodeReloadManager initialized
Begin MonoManager ReloadAssembly
Registering precompiled unity dll's ...
Register platform support module: /Applications/Unity/Hub/Editor/6000.6.1f1/PlaybackEngines/MacStandaloneSupport/UnityEditor.OSXStandalone.Extensions.dll
[Licensing::Client] Successfully resolved entitlement details
[Licensing::Module] License group:
  Id: 9072453620462-UnityPersXXXX
  Product: Unity Personal
  Type: Assigned
  Expiration: Unlimited
Register platform support module: /Applications/Unity/Hub/Editor/6000.6.1f1/PlaybackEngines/AndroidPlayer/UnityEditor.Android.Extensions.dll
Registered in 0.028600 seconds.
Native extension for Android target not found
Native extension for OSXStandalone target not found
Package Manager log level set to [2]
[Package Manager] Failed to launch server process. Reason: Unity was launched with the -noUpm command-line argument
[Package Manager] Unable to send message (not connected to server process).
[Package Manager] Cannot connect to Unity Package Manager local server
ScheduleIndexationOnStartup MainProcess:False IndexOnStartup:True
Scripting: successfully reloaded assembly
- Finished resetting the current domain, in  2.991 seconds
Domain Reload Profiling: 4543ms
	BeginReloadAssembly (410ms)
		CreateAndSetChildDomain (6ms)
	RebuildCommonClasses (9ms)
	RebuildNativeTypeToScriptingClass (23ms)
	initialDomainReloadingComplete (224ms)
	LoadAllAssembliesAndSetupDomain (880ms)
		LoadAssemblies (403ms)
		TypeCache.Refresh (415ms)
			TypeCache.ScanAssembly (377ms)
		AnalyzeDomain (2ms)
	FinalizeReload (2996ms)
		SetupLoadedEditorAssemblies (0ms)
			LogAssemblyErrors (4ms)
			InitializePlatformSupportModulesInManaged (25ms)
			BeforeProcessingInitializeOnLoad (682ms)
			ProcessInitializeOnLoadAttributes (565ms)
			ProcessInitializeOnLoadMethodAttributes (1319ms)
			EditorAssembliesLoaded (5ms)
Initializing Unity extensions:
[Licensing::Client] Successfully resolved entitlement details
[CoreBusinessMetrics] Unexpected thread when updating session info.
[CoreBusinessMetrics] Unexpected thread when updating session info.
========================================================================
Worker process is ready to serve import requests
Import Worker Mode flag is 0x00
Begin MonoManager ReloadAssembly
Native extension for Android target not found
Native extension for OSXStandalone target not found
[Package Manager] Failed to launch server process. Reason: Unity was launched with the -noUpm command-line argument
[Package Manager] Unable to send message (not connected to server process).
[Package Manager] Cannot connect to Unity Package Manager local server
[Package Manager] Failed to launch server process. Reason: Unity was launched with the -noUpm command-line argument
[Package Manager] Unable to send message (not connected to server process).
[Package Manager] Cannot connect to Unity Package Manager local server
ScheduleIndexationOnStartup MainProcess:False IndexOnStartup:True
Scripting: successfully reloaded assembly
- Finished resetting the current domain, in  3.027 seconds
Domain Reload Profiling: 6235ms
	BeginReloadAssembly (1458ms)
		DisableScriptedObjects (94ms)
		CreateAndSetChildDomain (213ms)
	RebuildCommonClasses (35ms)
	RebuildNativeTypeToScriptingClass (49ms)
	initialDomainReloadingComplete (226ms)
	LoadAllAssembliesAndSetupDomain (1435ms)
		LoadAssemblies (1405ms)
		TypeCache.Refresh (200ms)
			TypeCache.ScanAssembly (154ms)
		AnalyzeDomain (59ms)
			BuildScriptInfoCaches (49ms)
			ResolveRequiredComponents (7ms)
	FinalizeReload (3031ms)
		SetupLoadedEditorAssemblies (0ms)
			LogAssemblyErrors (7ms)
			InitializePlatformSupportModulesInManaged (24ms)
			BeforeProcessingInitializeOnLoad (766ms)
			ProcessInitializeOnLoadAttributes (1131ms)
			ProcessInitializeOnLoadMethodAttributes (212ms)
			EditorAssembliesLoaded (12ms)
		AwakeInstancesAfterBackupRestoration (60ms)
AcceleratorClientConnectionCallback - disconnected - :0
Launching external process: /Applications/Unity/Hub/Editor/6000.6.1f1/Unity.app/Contents/Helpers/UnityShaderCompiler
Launched and connected shader compiler UnityShaderCompiler after 1.10 seconds
Refreshing native plugins compatible for Editor in 3.36 ms, found 2 plugins.
Unloading 0 Unused Serialized files (Serialized files now loaded: 0)
Unloading 2200 unused Assets / (132.9 KB). Loaded Objects now: 2895.
Memory consumption went from 114.2 MB to 114.1 MB.
Total: 41.553416 ms (FindLiveObjects: 5.763375 ms CreateObjectMapping: 0.511167 ms MarkObjects: 29.708500 ms  DeleteObjects: 4.470084 ms)

========================================================================
Received Prepare
AcceleratorClientConnectionCallback - disconnected - :0
Begin MonoManager ReloadAssembly
Native extension for Android target not found
Native extension for OSXStandalone target not found
[Package Manager] Failed to launch server process. Reason: Unity was launched with the -noUpm command-line argument
[Package Manager] Unable to send message (not connected to server process).
[Package Manager] Cannot connect to Unity Package Manager local server
[Package Manager] Failed to launch server process. Reason: Unity was launched with the -noUpm command-line argument
[Package Manager] Unable to send message (not connected to server process).
[Package Manager] Cannot connect to Unity Package Manager local server
ScheduleIndexationOnStartup MainProcess:False IndexOnStartup:True
Scripting: successfully reloaded assembly
- Finished resetting the current domain, in  2.872 seconds
Domain Reload Profiling: 5133ms
	BeginReloadAssembly (982ms)
		DisableScriptedObjects (137ms)
		CreateAndSetChildDomain (197ms)
	RebuildCommonClasses (20ms)
	RebuildNativeTypeToScriptingClass (23ms)
	initialDomainReloadingComplete (137ms)
	LoadAllAssembliesAndSetupDomain (1095ms)
		LoadAssemblies (839ms)
		TypeCache.Refresh (52ms)
		AnalyzeDomain (13ms)
			ResolveRequiredComponents (7ms)
	FinalizeReload (2877ms)
		SetupLoadedEditorAssemblies (0ms)
			LogAssemblyErrors (5ms)
			InitializePlatformSupportModulesInManaged (26ms)
			BeforeProcessingInitializeOnLoad (772ms)
			ProcessInitializeOnLoadAttributes (1123ms)
			ProcessInitializeOnLoadMethodAttributes (164ms)
		AwakeInstancesAfterBackupRestoration (30ms)
Unloading 0 Unused Serialized files (Serialized files now loaded: 0)
Unloading 2198 unused Assets / (0.9 MB). Loaded Objects now: 2896.
Memory consumption went from 121.6 MB to 120.7 MB.
Total: 13.581041 ms (FindLiveObjects: 2.681792 ms CreateObjectMapping: 0.522833 ms MarkObjects: 8.731625 ms  DeleteObjects: 1.363083 ms)

Prepare: number of updated asset objects reloaded= 0
