
=== Sat Sep 19 01:56:54 2026

Packages were changed.
Update Mode: updateDependencies

The following packages were added:
  com.unity.modules.adaptiveperformance@1.0.0
  com.unity.modules.physicscore2d@1.0.0
  com.unity.modules.tetgen@1.0.0
  com.unity.modules.timelinefoundation@1.0.0
  com.unity.modules.vectorgraphics@1.0.0
  com.unity.modules.accessibility@1.0.0
  com.unity.multiplayer.center@2.0.1
The following packages were updated:
  com.unity.collab-proxy from version 2.4.3 to 2.13.6
  com.unity.ide.rider from version 3.0.31 to 3.0.38
  com.unity.ide.visualstudio from version 2.0.22 to 2.0.26
  com.unity.test-framework from version 1.1.33 to 1.8.0
  com.unity.timeline from version 1.7.6 to 6.6.0
  com.unity.ugui from version 1.0.0 to 2.6.0
The following packages were removed:
  com.unity.textmeshpro@3.0.6
