[2026-09-23T14:53:27.182Z][INFO] Command-line: /Applications/Unity/Hub/Editor/6000.6.1f1/Unity.app/Contents/Helpers/PackageManager/Server/UnityPackageManager server -s 1633 --ipc-path /tmp/Unity-Upm-1633.sock -l 2 --log-file /Users/base/monopoly-c-/Logs/upm.log
[2026-09-23T14:53:27.193Z][INFO] IPC server started (IPC path=/tmp/Unity-Upm-1633.sock).
[2026-09-23T14:53:27.193Z][INFO] Hint: To connect to this UPM instance, launch Unity with the command-line parameter -upmIpcPath Upm-1633.
[2026-09-23T14:53:27.894Z][INFO] project:list-packages <-- Request received
params: {}
[2026-09-23T14:53:27.964Z][INFO] project:list-packages --> 200 (70 ms)
[2026-09-23T14:53:28.264Z][INFO] config:project:get-registries <-- Request received
params: {}
[2026-09-23T14:53:28.266Z][INFO] config:project:get-registries --> 200 (2 ms)
[2026-09-23T14:53:28.275Z][INFO] project:list-packages <-- Request received
params: {}
[2026-09-23T14:53:28.300Z][INFO] project:list-packages --> 200 (25 ms)
[2026-09-23T14:53:29.583Z][INFO] project:list-packages <-- Request received
params: {}
[2026-09-23T14:53:29.605Z][INFO] project:list-packages <-- Request received
params: {}
[2026-09-23T14:53:29.618Z][INFO] project:list-packages --> 200 (35 ms)
[2026-09-23T14:53:29.635Z][INFO] project:list-packages --> 200 (30 ms)
[2026-09-23T14:53:29.661Z][INFO] project:list-packages <-- Request received
params: {}
[2026-09-23T14:53:29.691Z][INFO] project:list-packages --> 200 (30 ms)
[2026-09-23T14:53:29.695Z][INFO] config:project:get-registries <-- Request received
params: {}
[2026-09-23T14:53:29.697Z][INFO] config:project:get-registries --> 200 (2 ms)
[2026-09-23T14:53:30.388Z][INFO] project:list-packages <-- Request received
params: {}
[2026-09-23T14:53:30.415Z][INFO] project:list-packages --> 200 (27 ms)
[2026-09-23T14:53:31.736Z][INFO] project:list-packages <-- Request received
params: {}
[2026-09-23T14:53:32.390Z][INFO] project:list-packages --> 200 (654 ms)
[2026-09-23T14:53:36.896Z][INFO] project:list-packages <-- Request received
params: {}
[2026-09-23T14:53:36.918Z][INFO] project:list-packages --> 200 (22 ms)
[2026-09-23T14:53:36.952Z][INFO] project:list-packages <-- Request received
params: {}
[2026-09-23T14:53:36.974Z][INFO] config:project:get-registries <-- Request received
params: {}
[2026-09-23T14:53:36.975Z][INFO] project:list-packages --> 200 (23 ms)
[2026-09-23T14:53:36.976Z][INFO] config:project:get-registries --> 200 (2 ms)
